// Jest Snapshot v1, https://goo.gl/fbAQLP

exports[`тестируем MobileCompany (добавление клиента) 1`] = `
<div
  className="mobileCompany"
>
  <input
    disabled={false}
    onClick={[Function]}
    type="button"
    value="Все"
  />
  <input
    disabled={false}
    onClick={[Function]}
    type="button"
    value="Активные"
  />
  <input
    disabled={false}
    onClick={[Function]}
    type="button"
    value="Заблокированные"
  />
  <hr />
  <table
    className="mobileCompanyClients"
  >
    <thead
      className="tableHead"
    >
      <tr
        className="tableHeadRow"
      >
        <td
          className="tableHeadRow--td"
        >
          Фамилия
        </td>
        <td
          className="tableHeadRow--td"
        >
          Имя
        </td>
        <td
          className="tableHeadRow--td"
        >
          Отчество
        </td>
        <td
          className="tableHeadRow--td"
        >
          Баланс
        </td>
        <td
          className="tableHeadRow--td"
        >
          Статус
        </td>
        <td
          className="tableHeadRow--td"
        >
          Редактировать
        </td>
        <td
          className="tableHeadRow--td"
        >
          Удалить
        </td>
      </tr>
    </thead>
    <tbody
      className="tableBody"
    >
      <tr
        className="mobileClient"
      >
        <td
          className="mobileClientSurname"
        >
          Иванов
        </td>
        <td
          className="mobileClientName"
        >
          Иван
        </td>
        <td
          className="mobileClientPatronymic"
        >
          Иванович
        </td>
        <td
          className="mobileClientBalance"
        >
          200
        </td>
        <td
          className="mobileClientStatus"
          style={
            Object {
              "backgroundColor": "green",
            }
          }
        >
          active
        </td>
        <td
          className="mobileClientButtonEdit"
        >
          <button
            className="buttonEdit"
            disabled={false}
            onClick={[Function]}
          >
            Редактировать
          </button>
        </td>
        <td
          className="mobileClientButtonDelete"
        >
          <button
            className="buttonDelete"
            disabled={false}
            onClick={[Function]}
          >
            Удалить
          </button>
        </td>
      </tr>
      <tr
        className="mobileClient"
      >
        <td
          className="mobileClientSurname"
        >
          Сидоров
        </td>
        <td
          className="mobileClientName"
        >
          Сидр
        </td>
        <td
          className="mobileClientPatronymic"
        >
          Сидорович
        </td>
        <td
          className="mobileClientBalance"
        >
          250
        </td>
        <td
          className="mobileClientStatus"
          style={
            Object {
              "backgroundColor": "green",
            }
          }
        >
          active
        </td>
        <td
          className="mobileClientButtonEdit"
        >
          <button
            className="buttonEdit"
            disabled={false}
            onClick={[Function]}
          >
            Редактировать
          </button>
        </td>
        <td
          className="mobileClientButtonDelete"
        >
          <button
            className="buttonDelete"
            disabled={false}
            onClick={[Function]}
          >
            Удалить
          </button>
        </td>
      </tr>
      <tr
        className="mobileClient"
      >
        <td
          className="mobileClientSurname"
        >
          Петров
        </td>
        <td
          className="mobileClientName"
        >
          Петр
        </td>
        <td
          className="mobileClientPatronymic"
        >
          Петрович
        </td>
        <td
          className="mobileClientBalance"
        >
          -180
        </td>
        <td
          className="mobileClientStatus"
          style={
            Object {
              "backgroundColor": "red",
            }
          }
        >
          blocked
        </td>
        <td
          className="mobileClientButtonEdit"
        >
          <button
            className="buttonEdit"
            disabled={false}
            onClick={[Function]}
          >
            Редактировать
          </button>
        </td>
        <td
          className="mobileClientButtonDelete"
        >
          <button
            className="buttonDelete"
            disabled={false}
            onClick={[Function]}
          >
            Удалить
          </button>
        </td>
      </tr>
      <tr
        className="mobileClient"
      >
        <td
          className="mobileClientSurname"
        >
          Григорьев
        </td>
        <td
          className="mobileClientName"
        >
          Григорий
        </td>
        <td
          className="mobileClientPatronymic"
        >
          Григорьевич
        </td>
        <td
          className="mobileClientBalance"
        >
          220
        </td>
        <td
          className="mobileClientStatus"
          style={
            Object {
              "backgroundColor": "green",
            }
          }
        >
          active
        </td>
        <td
          className="mobileClientButtonEdit"
        >
          <button
            className="buttonEdit"
            disabled={false}
            onClick={[Function]}
          >
            Редактировать
          </button>
        </td>
        <td
          className="mobileClientButtonDelete"
        >
          <button
            className="buttonDelete"
            disabled={false}
            onClick={[Function]}
          >
            Удалить
          </button>
        </td>
      </tr>
    </tbody>
  </table>
  <input
    className="buttonAdd"
    disabled={false}
    onClick={[Function]}
    type="button"
    value="Добавить клиента"
  />
</div>
`;

exports[`тестируем MobileCompany (добавление клиента) 2`] = `
<div
  className="mobileCompany"
>
  <input
    disabled={false}
    onClick={[Function]}
    type="button"
    value="Все"
  />
  <input
    disabled={false}
    onClick={[Function]}
    type="button"
    value="Активные"
  />
  <input
    disabled={false}
    onClick={[Function]}
    type="button"
    value="Заблокированные"
  />
  <hr />
  <table
    className="mobileCompanyClients"
  >
    <thead
      className="tableHead"
    >
      <tr
        className="tableHeadRow"
      >
        <td
          className="tableHeadRow--td"
        >
          Фамилия
        </td>
        <td
          className="tableHeadRow--td"
        >
          Имя
        </td>
        <td
          className="tableHeadRow--td"
        >
          Отчество
        </td>
        <td
          className="tableHeadRow--td"
        >
          Баланс
        </td>
        <td
          className="tableHeadRow--td"
        >
          Статус
        </td>
        <td
          className="tableHeadRow--td"
        >
          Редактировать
        </td>
        <td
          className="tableHeadRow--td"
        >
          Удалить
        </td>
      </tr>
    </thead>
    <tbody
      className="tableBody"
    >
      <tr
        className="mobileClient"
      >
        <td
          className="mobileClientSurname"
        >
          Иванов
        </td>
        <td
          className="mobileClientName"
        >
          Иван
        </td>
        <td
          className="mobileClientPatronymic"
        >
          Иванович
        </td>
        <td
          className="mobileClientBalance"
        >
          200
        </td>
        <td
          className="mobileClientStatus"
          style={
            Object {
              "backgroundColor": "green",
            }
          }
        >
          active
        </td>
        <td
          className="mobileClientButtonEdit"
        >
          <button
            className="buttonEdit"
            disabled={false}
            onClick={[Function]}
          >
            Редактировать
          </button>
        </td>
        <td
          className="mobileClientButtonDelete"
        >
          <button
            className="buttonDelete"
            disabled={false}
            onClick={[Function]}
          >
            Удалить
          </button>
        </td>
      </tr>
      <tr
        className="mobileClient"
      >
        <td
          className="mobileClientSurname"
        >
          Сидоров
        </td>
        <td
          className="mobileClientName"
        >
          Сидр
        </td>
        <td
          className="mobileClientPatronymic"
        >
          Сидорович
        </td>
        <td
          className="mobileClientBalance"
        >
          250
        </td>
        <td
          className="mobileClientStatus"
          style={
            Object {
              "backgroundColor": "green",
            }
          }
        >
          active
        </td>
        <td
          className="mobileClientButtonEdit"
        >
          <button
            className="buttonEdit"
            disabled={false}
            onClick={[Function]}
          >
            Редактировать
          </button>
        </td>
        <td
          className="mobileClientButtonDelete"
        >
          <button
            className="buttonDelete"
            disabled={false}
            onClick={[Function]}
          >
            Удалить
          </button>
        </td>
      </tr>
      <tr
        className="mobileClient"
      >
        <td
          className="mobileClientSurname"
        >
          Петров
        </td>
        <td
          className="mobileClientName"
        >
          Петр
        </td>
        <td
          className="mobileClientPatronymic"
        >
          Петрович
        </td>
        <td
          className="mobileClientBalance"
        >
          -180
        </td>
        <td
          className="mobileClientStatus"
          style={
            Object {
              "backgroundColor": "red",
            }
          }
        >
          blocked
        </td>
        <td
          className="mobileClientButtonEdit"
        >
          <button
            className="buttonEdit"
            disabled={false}
            onClick={[Function]}
          >
            Редактировать
          </button>
        </td>
        <td
          className="mobileClientButtonDelete"
        >
          <button
            className="buttonDelete"
            disabled={false}
            onClick={[Function]}
          >
            Удалить
          </button>
        </td>
      </tr>
      <tr
        className="mobileClient"
      >
        <td
          className="mobileClientSurname"
        >
          Григорьев
        </td>
        <td
          className="mobileClientName"
        >
          Григорий
        </td>
        <td
          className="mobileClientPatronymic"
        >
          Григорьевич
        </td>
        <td
          className="mobileClientBalance"
        >
          220
        </td>
        <td
          className="mobileClientStatus"
          style={
            Object {
              "backgroundColor": "green",
            }
          }
        >
          active
        </td>
        <td
          className="mobileClientButtonEdit"
        >
          <button
            className="buttonEdit"
            disabled={false}
            onClick={[Function]}
          >
            Редактировать
          </button>
        </td>
        <td
          className="mobileClientButtonDelete"
        >
          <button
            className="buttonDelete"
            disabled={false}
            onClick={[Function]}
          >
            Удалить
          </button>
        </td>
      </tr>
      <tr
        className="mobileClient"
      >
        <td
          className="mobileClientSurname"
        >
          Соломонов
        </td>
        <td
          className="mobileClientName"
        >
          Соломон
        </td>
        <td
          className="mobileClientPatronymic"
        >
          Соломонович
        </td>
        <td
          className="mobileClientBalance"
        >
          -2220
        </td>
        <td
          className="mobileClientStatus"
          style={
            Object {
              "backgroundColor": "red",
            }
          }
        >
          blocked
        </td>
        <td
          className="mobileClientButtonEdit"
        >
          <button
            className="buttonEdit"
            disabled={false}
            onClick={[Function]}
          >
            Редактировать
          </button>
        </td>
        <td
          className="mobileClientButtonDelete"
        >
          <button
            className="buttonDelete"
            disabled={false}
            onClick={[Function]}
          >
            Удалить
          </button>
        </td>
      </tr>
    </tbody>
  </table>
  <input
    className="buttonAdd"
    disabled={false}
    onClick={[Function]}
    type="button"
    value="Добавить клиента"
  />
</div>
`;

exports[`тестируем MobileCompany (редактирование клиента) 1`] = `
<div
  className="mobileCompany"
>
  <input
    disabled={false}
    onClick={[Function]}
    type="button"
    value="Все"
  />
  <input
    disabled={false}
    onClick={[Function]}
    type="button"
    value="Активные"
  />
  <input
    disabled={false}
    onClick={[Function]}
    type="button"
    value="Заблокированные"
  />
  <hr />
  <table
    className="mobileCompanyClients"
  >
    <thead
      className="tableHead"
    >
      <tr
        className="tableHeadRow"
      >
        <td
          className="tableHeadRow--td"
        >
          Фамилия
        </td>
        <td
          className="tableHeadRow--td"
        >
          Имя
        </td>
        <td
          className="tableHeadRow--td"
        >
          Отчество
        </td>
        <td
          className="tableHeadRow--td"
        >
          Баланс
        </td>
        <td
          className="tableHeadRow--td"
        >
          Статус
        </td>
        <td
          className="tableHeadRow--td"
        >
          Редактировать
        </td>
        <td
          className="tableHeadRow--td"
        >
          Удалить
        </td>
      </tr>
    </thead>
    <tbody
      className="tableBody"
    >
      <tr
        className="mobileClient"
      >
        <td
          className="mobileClientSurname"
        >
          Иванов
        </td>
        <td
          className="mobileClientName"
        >
          Иван
        </td>
        <td
          className="mobileClientPatronymic"
        >
          Иванович
        </td>
        <td
          className="mobileClientBalance"
        >
          200
        </td>
        <td
          className="mobileClientStatus"
          style={
            Object {
              "backgroundColor": "green",
            }
          }
        >
          active
        </td>
        <td
          className="mobileClientButtonEdit"
        >
          <button
            className="buttonEdit"
            disabled={false}
            onClick={[Function]}
          >
            Редактировать
          </button>
        </td>
        <td
          className="mobileClientButtonDelete"
        >
          <button
            className="buttonDelete"
            disabled={false}
            onClick={[Function]}
          >
            Удалить
          </button>
        </td>
      </tr>
      <tr
        className="mobileClient"
      >
        <td
          className="mobileClientSurname"
        >
          Сидоров
        </td>
        <td
          className="mobileClientName"
        >
          Сидр
        </td>
        <td
          className="mobileClientPatronymic"
        >
          Сидорович
        </td>
        <td
          className="mobileClientBalance"
        >
          250
        </td>
        <td
          className="mobileClientStatus"
          style={
            Object {
              "backgroundColor": "green",
            }
          }
        >
          active
        </td>
        <td
          className="mobileClientButtonEdit"
        >
          <button
            className="buttonEdit"
            disabled={false}
            onClick={[Function]}
          >
            Редактировать
          </button>
        </td>
        <td
          className="mobileClientButtonDelete"
        >
          <button
            className="buttonDelete"
            disabled={false}
            onClick={[Function]}
          >
            Удалить
          </button>
        </td>
      </tr>
      <tr
        className="mobileClient"
      >
        <td
          className="mobileClientSurname"
        >
          Петров
        </td>
        <td
          className="mobileClientName"
        >
          Петр
        </td>
        <td
          className="mobileClientPatronymic"
        >
          Петрович
        </td>
        <td
          className="mobileClientBalance"
        >
          -180
        </td>
        <td
          className="mobileClientStatus"
          style={
            Object {
              "backgroundColor": "red",
            }
          }
        >
          blocked
        </td>
        <td
          className="mobileClientButtonEdit"
        >
          <button
            className="buttonEdit"
            disabled={false}
            onClick={[Function]}
          >
            Редактировать
          </button>
        </td>
        <td
          className="mobileClientButtonDelete"
        >
          <button
            className="buttonDelete"
            disabled={false}
            onClick={[Function]}
          >
            Удалить
          </button>
        </td>
      </tr>
      <tr
        className="mobileClient"
      >
        <td
          className="mobileClientSurname"
        >
          Григорьев
        </td>
        <td
          className="mobileClientName"
        >
          Григорий
        </td>
        <td
          className="mobileClientPatronymic"
        >
          Григорьевич
        </td>
        <td
          className="mobileClientBalance"
        >
          220
        </td>
        <td
          className="mobileClientStatus"
          style={
            Object {
              "backgroundColor": "green",
            }
          }
        >
          active
        </td>
        <td
          className="mobileClientButtonEdit"
        >
          <button
            className="buttonEdit"
            disabled={false}
            onClick={[Function]}
          >
            Редактировать
          </button>
        </td>
        <td
          className="mobileClientButtonDelete"
        >
          <button
            className="buttonDelete"
            disabled={false}
            onClick={[Function]}
          >
            Удалить
          </button>
        </td>
      </tr>
    </tbody>
  </table>
  <input
    className="buttonAdd"
    disabled={false}
    onClick={[Function]}
    type="button"
    value="Добавить клиента"
  />
</div>
`;

exports[`тестируем MobileCompany (редактирование клиента) 2`] = `
<div
  className="mobileCompany"
>
  <input
    disabled={false}
    onClick={[Function]}
    type="button"
    value="Все"
  />
  <input
    disabled={false}
    onClick={[Function]}
    type="button"
    value="Активные"
  />
  <input
    disabled={false}
    onClick={[Function]}
    type="button"
    value="Заблокированные"
  />
  <hr />
  <table
    className="mobileCompanyClients"
  >
    <thead
      className="tableHead"
    >
      <tr
        className="tableHeadRow"
      >
        <td
          className="tableHeadRow--td"
        >
          Фамилия
        </td>
        <td
          className="tableHeadRow--td"
        >
          Имя
        </td>
        <td
          className="tableHeadRow--td"
        >
          Отчество
        </td>
        <td
          className="tableHeadRow--td"
        >
          Баланс
        </td>
        <td
          className="tableHeadRow--td"
        >
          Статус
        </td>
        <td
          className="tableHeadRow--td"
        >
          Редактировать
        </td>
        <td
          className="tableHeadRow--td"
        >
          Удалить
        </td>
      </tr>
    </thead>
    <tbody
      className="tableBody"
    >
      <tr
        className="mobileClient"
      >
        <td
          className="mobileClientSurname"
        >
          Иванов
        </td>
        <td
          className="mobileClientName"
        >
          Иван
        </td>
        <td
          className="mobileClientPatronymic"
        >
          Иванович
        </td>
        <td
          className="mobileClientBalance"
        >
          200
        </td>
        <td
          className="mobileClientStatus"
          style={
            Object {
              "backgroundColor": "green",
            }
          }
        >
          active
        </td>
        <td
          className="mobileClientButtonEdit"
        >
          <button
            className="buttonEdit"
            disabled={false}
            onClick={[Function]}
          >
            Редактировать
          </button>
        </td>
        <td
          className="mobileClientButtonDelete"
        >
          <button
            className="buttonDelete"
            disabled={false}
            onClick={[Function]}
          >
            Удалить
          </button>
        </td>
      </tr>
      <tr
        className="mobileClient"
      >
        <td
          className="mobileClientSurname"
        >
          Сидоров
        </td>
        <td
          className="mobileClientName"
        >
          Сидр
        </td>
        <td
          className="mobileClientPatronymic"
        >
          Сидорович
        </td>
        <td
          className="mobileClientBalance"
        >
          250
        </td>
        <td
          className="mobileClientStatus"
          style={
            Object {
              "backgroundColor": "green",
            }
          }
        >
          active
        </td>
        <td
          className="mobileClientButtonEdit"
        >
          <button
            className="buttonEdit"
            disabled={false}
            onClick={[Function]}
          >
            Редактировать
          </button>
        </td>
        <td
          className="mobileClientButtonDelete"
        >
          <button
            className="buttonDelete"
            disabled={false}
            onClick={[Function]}
          >
            Удалить
          </button>
        </td>
      </tr>
      <tr
        className="mobileClient"
      >
        <td
          className="mobileClientSurname"
        >
          Александров
        </td>
        <td
          className="mobileClientName"
        >
          Александр
        </td>
        <td
          className="mobileClientPatronymic"
        >
          Александрович
        </td>
        <td
          className="mobileClientBalance"
        >
          -180
        </td>
        <td
          className="mobileClientStatus"
          style={
            Object {
              "backgroundColor": "red",
            }
          }
        >
          blocked
        </td>
        <td
          className="mobileClientButtonEdit"
        >
          <button
            className="buttonEdit"
            disabled={false}
            onClick={[Function]}
          >
            Редактировать
          </button>
        </td>
        <td
          className="mobileClientButtonDelete"
        >
          <button
            className="buttonDelete"
            disabled={false}
            onClick={[Function]}
          >
            Удалить
          </button>
        </td>
      </tr>
      <tr
        className="mobileClient"
      >
        <td
          className="mobileClientSurname"
        >
          Григорьев
        </td>
        <td
          className="mobileClientName"
        >
          Григорий
        </td>
        <td
          className="mobileClientPatronymic"
        >
          Григорьевич
        </td>
        <td
          className="mobileClientBalance"
        >
          220
        </td>
        <td
          className="mobileClientStatus"
          style={
            Object {
              "backgroundColor": "green",
            }
          }
        >
          active
        </td>
        <td
          className="mobileClientButtonEdit"
        >
          <button
            className="buttonEdit"
            disabled={false}
            onClick={[Function]}
          >
            Редактировать
          </button>
        </td>
        <td
          className="mobileClientButtonDelete"
        >
          <button
            className="buttonDelete"
            disabled={false}
            onClick={[Function]}
          >
            Удалить
          </button>
        </td>
      </tr>
    </tbody>
  </table>
  <input
    className="buttonAdd"
    disabled={false}
    onClick={[Function]}
    type="button"
    value="Добавить клиента"
  />
</div>
`;

exports[`тестируем MobileCompany (удаление клиента) 1`] = `
<div
  className="mobileCompany"
>
  <input
    disabled={false}
    onClick={[Function]}
    type="button"
    value="Все"
  />
  <input
    disabled={false}
    onClick={[Function]}
    type="button"
    value="Активные"
  />
  <input
    disabled={false}
    onClick={[Function]}
    type="button"
    value="Заблокированные"
  />
  <hr />
  <table
    className="mobileCompanyClients"
  >
    <thead
      className="tableHead"
    >
      <tr
        className="tableHeadRow"
      >
        <td
          className="tableHeadRow--td"
        >
          Фамилия
        </td>
        <td
          className="tableHeadRow--td"
        >
          Имя
        </td>
        <td
          className="tableHeadRow--td"
        >
          Отчество
        </td>
        <td
          className="tableHeadRow--td"
        >
          Баланс
        </td>
        <td
          className="tableHeadRow--td"
        >
          Статус
        </td>
        <td
          className="tableHeadRow--td"
        >
          Редактировать
        </td>
        <td
          className="tableHeadRow--td"
        >
          Удалить
        </td>
      </tr>
    </thead>
    <tbody
      className="tableBody"
    >
      <tr
        className="mobileClient"
      >
        <td
          className="mobileClientSurname"
        >
          Иванов
        </td>
        <td
          className="mobileClientName"
        >
          Иван
        </td>
        <td
          className="mobileClientPatronymic"
        >
          Иванович
        </td>
        <td
          className="mobileClientBalance"
        >
          200
        </td>
        <td
          className="mobileClientStatus"
          style={
            Object {
              "backgroundColor": "green",
            }
          }
        >
          active
        </td>
        <td
          className="mobileClientButtonEdit"
        >
          <button
            className="buttonEdit"
            disabled={false}
            onClick={[Function]}
          >
            Редактировать
          </button>
        </td>
        <td
          className="mobileClientButtonDelete"
        >
          <button
            className="buttonDelete"
            disabled={false}
            onClick={[Function]}
          >
            Удалить
          </button>
        </td>
      </tr>
      <tr
        className="mobileClient"
      >
        <td
          className="mobileClientSurname"
        >
          Сидоров
        </td>
        <td
          className="mobileClientName"
        >
          Сидр
        </td>
        <td
          className="mobileClientPatronymic"
        >
          Сидорович
        </td>
        <td
          className="mobileClientBalance"
        >
          250
        </td>
        <td
          className="mobileClientStatus"
          style={
            Object {
              "backgroundColor": "green",
            }
          }
        >
          active
        </td>
        <td
          className="mobileClientButtonEdit"
        >
          <button
            className="buttonEdit"
            disabled={false}
            onClick={[Function]}
          >
            Редактировать
          </button>
        </td>
        <td
          className="mobileClientButtonDelete"
        >
          <button
            className="buttonDelete"
            disabled={false}
            onClick={[Function]}
          >
            Удалить
          </button>
        </td>
      </tr>
      <tr
        className="mobileClient"
      >
        <td
          className="mobileClientSurname"
        >
          Петров
        </td>
        <td
          className="mobileClientName"
        >
          Петр
        </td>
        <td
          className="mobileClientPatronymic"
        >
          Петрович
        </td>
        <td
          className="mobileClientBalance"
        >
          -180
        </td>
        <td
          className="mobileClientStatus"
          style={
            Object {
              "backgroundColor": "red",
            }
          }
        >
          blocked
        </td>
        <td
          className="mobileClientButtonEdit"
        >
          <button
            className="buttonEdit"
            disabled={false}
            onClick={[Function]}
          >
            Редактировать
          </button>
        </td>
        <td
          className="mobileClientButtonDelete"
        >
          <button
            className="buttonDelete"
            disabled={false}
            onClick={[Function]}
          >
            Удалить
          </button>
        </td>
      </tr>
      <tr
        className="mobileClient"
      >
        <td
          className="mobileClientSurname"
        >
          Григорьев
        </td>
        <td
          className="mobileClientName"
        >
          Григорий
        </td>
        <td
          className="mobileClientPatronymic"
        >
          Григорьевич
        </td>
        <td
          className="mobileClientBalance"
        >
          220
        </td>
        <td
          className="mobileClientStatus"
          style={
            Object {
              "backgroundColor": "green",
            }
          }
        >
          active
        </td>
        <td
          className="mobileClientButtonEdit"
        >
          <button
            className="buttonEdit"
            disabled={false}
            onClick={[Function]}
          >
            Редактировать
          </button>
        </td>
        <td
          className="mobileClientButtonDelete"
        >
          <button
            className="buttonDelete"
            disabled={false}
            onClick={[Function]}
          >
            Удалить
          </button>
        </td>
      </tr>
    </tbody>
  </table>
  <input
    className="buttonAdd"
    disabled={false}
    onClick={[Function]}
    type="button"
    value="Добавить клиента"
  />
</div>
`;

exports[`тестируем MobileCompany (удаление клиента) 2`] = `
<div
  className="mobileCompany"
>
  <input
    disabled={false}
    onClick={[Function]}
    type="button"
    value="Все"
  />
  <input
    disabled={false}
    onClick={[Function]}
    type="button"
    value="Активные"
  />
  <input
    disabled={false}
    onClick={[Function]}
    type="button"
    value="Заблокированные"
  />
  <hr />
  <table
    className="mobileCompanyClients"
  >
    <thead
      className="tableHead"
    >
      <tr
        className="tableHeadRow"
      >
        <td
          className="tableHeadRow--td"
        >
          Фамилия
        </td>
        <td
          className="tableHeadRow--td"
        >
          Имя
        </td>
        <td
          className="tableHeadRow--td"
        >
          Отчество
        </td>
        <td
          className="tableHeadRow--td"
        >
          Баланс
        </td>
        <td
          className="tableHeadRow--td"
        >
          Статус
        </td>
        <td
          className="tableHeadRow--td"
        >
          Редактировать
        </td>
        <td
          className="tableHeadRow--td"
        >
          Удалить
        </td>
      </tr>
    </thead>
    <tbody
      className="tableBody"
    >
      <tr
        className="mobileClient"
      >
        <td
          className="mobileClientSurname"
        >
          Иванов
        </td>
        <td
          className="mobileClientName"
        >
          Иван
        </td>
        <td
          className="mobileClientPatronymic"
        >
          Иванович
        </td>
        <td
          className="mobileClientBalance"
        >
          200
        </td>
        <td
          className="mobileClientStatus"
          style={
            Object {
              "backgroundColor": "green",
            }
          }
        >
          active
        </td>
        <td
          className="mobileClientButtonEdit"
        >
          <button
            className="buttonEdit"
            disabled={false}
            onClick={[Function]}
          >
            Редактировать
          </button>
        </td>
        <td
          className="mobileClientButtonDelete"
        >
          <button
            className="buttonDelete"
            disabled={false}
            onClick={[Function]}
          >
            Удалить
          </button>
        </td>
      </tr>
      <tr
        className="mobileClient"
      >
        <td
          className="mobileClientSurname"
        >
          Петров
        </td>
        <td
          className="mobileClientName"
        >
          Петр
        </td>
        <td
          className="mobileClientPatronymic"
        >
          Петрович
        </td>
        <td
          className="mobileClientBalance"
        >
          -180
        </td>
        <td
          className="mobileClientStatus"
          style={
            Object {
              "backgroundColor": "red",
            }
          }
        >
          blocked
        </td>
        <td
          className="mobileClientButtonEdit"
        >
          <button
            className="buttonEdit"
            disabled={false}
            onClick={[Function]}
          >
            Редактировать
          </button>
        </td>
        <td
          className="mobileClientButtonDelete"
        >
          <button
            className="buttonDelete"
            disabled={false}
            onClick={[Function]}
          >
            Удалить
          </button>
        </td>
      </tr>
      <tr
        className="mobileClient"
      >
        <td
          className="mobileClientSurname"
        >
          Григорьев
        </td>
        <td
          className="mobileClientName"
        >
          Григорий
        </td>
        <td
          className="mobileClientPatronymic"
        >
          Григорьевич
        </td>
        <td
          className="mobileClientBalance"
        >
          220
        </td>
        <td
          className="mobileClientStatus"
          style={
            Object {
              "backgroundColor": "green",
            }
          }
        >
          active
        </td>
        <td
          className="mobileClientButtonEdit"
        >
          <button
            className="buttonEdit"
            disabled={false}
            onClick={[Function]}
          >
            Редактировать
          </button>
        </td>
        <td
          className="mobileClientButtonDelete"
        >
          <button
            className="buttonDelete"
            disabled={false}
            onClick={[Function]}
          >
            Удалить
          </button>
        </td>
      </tr>
    </tbody>
  </table>
  <input
    className="buttonAdd"
    disabled={false}
    onClick={[Function]}
    type="button"
    value="Добавить клиента"
  />
</div>
`;

exports[`тестируем MobileCompany (фильтрация клиентов) 1`] = `
<div
  className="mobileCompany"
>
  <input
    disabled={false}
    onClick={[Function]}
    type="button"
    value="Все"
  />
  <input
    disabled={false}
    onClick={[Function]}
    type="button"
    value="Активные"
  />
  <input
    disabled={false}
    onClick={[Function]}
    type="button"
    value="Заблокированные"
  />
  <hr />
  <table
    className="mobileCompanyClients"
  >
    <thead
      className="tableHead"
    >
      <tr
        className="tableHeadRow"
      >
        <td
          className="tableHeadRow--td"
        >
          Фамилия
        </td>
        <td
          className="tableHeadRow--td"
        >
          Имя
        </td>
        <td
          className="tableHeadRow--td"
        >
          Отчество
        </td>
        <td
          className="tableHeadRow--td"
        >
          Баланс
        </td>
        <td
          className="tableHeadRow--td"
        >
          Статус
        </td>
        <td
          className="tableHeadRow--td"
        >
          Редактировать
        </td>
        <td
          className="tableHeadRow--td"
        >
          Удалить
        </td>
      </tr>
    </thead>
    <tbody
      className="tableBody"
    >
      <tr
        className="mobileClient"
      >
        <td
          className="mobileClientSurname"
        >
          Иванов
        </td>
        <td
          className="mobileClientName"
        >
          Иван
        </td>
        <td
          className="mobileClientPatronymic"
        >
          Иванович
        </td>
        <td
          className="mobileClientBalance"
        >
          200
        </td>
        <td
          className="mobileClientStatus"
          style={
            Object {
              "backgroundColor": "green",
            }
          }
        >
          active
        </td>
        <td
          className="mobileClientButtonEdit"
        >
          <button
            className="buttonEdit"
            disabled={false}
            onClick={[Function]}
          >
            Редактировать
          </button>
        </td>
        <td
          className="mobileClientButtonDelete"
        >
          <button
            className="buttonDelete"
            disabled={false}
            onClick={[Function]}
          >
            Удалить
          </button>
        </td>
      </tr>
      <tr
        className="mobileClient"
      >
        <td
          className="mobileClientSurname"
        >
          Сидоров
        </td>
        <td
          className="mobileClientName"
        >
          Сидр
        </td>
        <td
          className="mobileClientPatronymic"
        >
          Сидорович
        </td>
        <td
          className="mobileClientBalance"
        >
          250
        </td>
        <td
          className="mobileClientStatus"
          style={
            Object {
              "backgroundColor": "green",
            }
          }
        >
          active
        </td>
        <td
          className="mobileClientButtonEdit"
        >
          <button
            className="buttonEdit"
            disabled={false}
            onClick={[Function]}
          >
            Редактировать
          </button>
        </td>
        <td
          className="mobileClientButtonDelete"
        >
          <button
            className="buttonDelete"
            disabled={false}
            onClick={[Function]}
          >
            Удалить
          </button>
        </td>
      </tr>
      <tr
        className="mobileClient"
      >
        <td
          className="mobileClientSurname"
        >
          Петров
        </td>
        <td
          className="mobileClientName"
        >
          Петр
        </td>
        <td
          className="mobileClientPatronymic"
        >
          Петрович
        </td>
        <td
          className="mobileClientBalance"
        >
          -180
        </td>
        <td
          className="mobileClientStatus"
          style={
            Object {
              "backgroundColor": "red",
            }
          }
        >
          blocked
        </td>
        <td
          className="mobileClientButtonEdit"
        >
          <button
            className="buttonEdit"
            disabled={false}
            onClick={[Function]}
          >
            Редактировать
          </button>
        </td>
        <td
          className="mobileClientButtonDelete"
        >
          <button
            className="buttonDelete"
            disabled={false}
            onClick={[Function]}
          >
            Удалить
          </button>
        </td>
      </tr>
      <tr
        className="mobileClient"
      >
        <td
          className="mobileClientSurname"
        >
          Григорьев
        </td>
        <td
          className="mobileClientName"
        >
          Григорий
        </td>
        <td
          className="mobileClientPatronymic"
        >
          Григорьевич
        </td>
        <td
          className="mobileClientBalance"
        >
          220
        </td>
        <td
          className="mobileClientStatus"
          style={
            Object {
              "backgroundColor": "green",
            }
          }
        >
          active
        </td>
        <td
          className="mobileClientButtonEdit"
        >
          <button
            className="buttonEdit"
            disabled={false}
            onClick={[Function]}
          >
            Редактировать
          </button>
        </td>
        <td
          className="mobileClientButtonDelete"
        >
          <button
            className="buttonDelete"
            disabled={false}
            onClick={[Function]}
          >
            Удалить
          </button>
        </td>
      </tr>
    </tbody>
  </table>
  <input
    className="buttonAdd"
    disabled={false}
    onClick={[Function]}
    type="button"
    value="Добавить клиента"
  />
</div>
`;

exports[`тестируем MobileCompany (фильтрация клиентов) 2`] = `
<div
  className="mobileCompany"
>
  <input
    disabled={false}
    onClick={[Function]}
    type="button"
    value="Все"
  />
  <input
    disabled={false}
    onClick={[Function]}
    type="button"
    value="Активные"
  />
  <input
    disabled={false}
    onClick={[Function]}
    type="button"
    value="Заблокированные"
  />
  <hr />
  <table
    className="mobileCompanyClients"
  >
    <thead
      className="tableHead"
    >
      <tr
        className="tableHeadRow"
      >
        <td
          className="tableHeadRow--td"
        >
          Фамилия
        </td>
        <td
          className="tableHeadRow--td"
        >
          Имя
        </td>
        <td
          className="tableHeadRow--td"
        >
          Отчество
        </td>
        <td
          className="tableHeadRow--td"
        >
          Баланс
        </td>
        <td
          className="tableHeadRow--td"
        >
          Статус
        </td>
        <td
          className="tableHeadRow--td"
        >
          Редактировать
        </td>
        <td
          className="tableHeadRow--td"
        >
          Удалить
        </td>
      </tr>
    </thead>
    <tbody
      className="tableBody"
    >
      <tr
        className="mobileClient"
      >
        <td
          className="mobileClientSurname"
        >
          Иванов
        </td>
        <td
          className="mobileClientName"
        >
          Иван
        </td>
        <td
          className="mobileClientPatronymic"
        >
          Иванович
        </td>
        <td
          className="mobileClientBalance"
        >
          200
        </td>
        <td
          className="mobileClientStatus"
          style={
            Object {
              "backgroundColor": "green",
            }
          }
        >
          active
        </td>
        <td
          className="mobileClientButtonEdit"
        >
          <button
            className="buttonEdit"
            disabled={false}
            onClick={[Function]}
          >
            Редактировать
          </button>
        </td>
        <td
          className="mobileClientButtonDelete"
        >
          <button
            className="buttonDelete"
            disabled={false}
            onClick={[Function]}
          >
            Удалить
          </button>
        </td>
      </tr>
      <tr
        className="mobileClient"
      >
        <td
          className="mobileClientSurname"
        >
          Сидоров
        </td>
        <td
          className="mobileClientName"
        >
          Сидр
        </td>
        <td
          className="mobileClientPatronymic"
        >
          Сидорович
        </td>
        <td
          className="mobileClientBalance"
        >
          250
        </td>
        <td
          className="mobileClientStatus"
          style={
            Object {
              "backgroundColor": "green",
            }
          }
        >
          active
        </td>
        <td
          className="mobileClientButtonEdit"
        >
          <button
            className="buttonEdit"
            disabled={false}
            onClick={[Function]}
          >
            Редактировать
          </button>
        </td>
        <td
          className="mobileClientButtonDelete"
        >
          <button
            className="buttonDelete"
            disabled={false}
            onClick={[Function]}
          >
            Удалить
          </button>
        </td>
      </tr>
      <tr
        className="mobileClient"
      >
        <td
          className="mobileClientSurname"
        >
          Григорьев
        </td>
        <td
          className="mobileClientName"
        >
          Григорий
        </td>
        <td
          className="mobileClientPatronymic"
        >
          Григорьевич
        </td>
        <td
          className="mobileClientBalance"
        >
          220
        </td>
        <td
          className="mobileClientStatus"
          style={
            Object {
              "backgroundColor": "green",
            }
          }
        >
          active
        </td>
        <td
          className="mobileClientButtonEdit"
        >
          <button
            className="buttonEdit"
            disabled={false}
            onClick={[Function]}
          >
            Редактировать
          </button>
        </td>
        <td
          className="mobileClientButtonDelete"
        >
          <button
            className="buttonDelete"
            disabled={false}
            onClick={[Function]}
          >
            Удалить
          </button>
        </td>
      </tr>
    </tbody>
  </table>
  <input
    className="buttonAdd"
    disabled={false}
    onClick={[Function]}
    type="button"
    value="Добавить клиента"
  />
</div>
`;

exports[`тестируем MobileCompany (фильтрация клиентов) 3`] = `
<div
  className="mobileCompany"
>
  <input
    disabled={false}
    onClick={[Function]}
    type="button"
    value="Все"
  />
  <input
    disabled={false}
    onClick={[Function]}
    type="button"
    value="Активные"
  />
  <input
    disabled={false}
    onClick={[Function]}
    type="button"
    value="Заблокированные"
  />
  <hr />
  <table
    className="mobileCompanyClients"
  >
    <thead
      className="tableHead"
    >
      <tr
        className="tableHeadRow"
      >
        <td
          className="tableHeadRow--td"
        >
          Фамилия
        </td>
        <td
          className="tableHeadRow--td"
        >
          Имя
        </td>
        <td
          className="tableHeadRow--td"
        >
          Отчество
        </td>
        <td
          className="tableHeadRow--td"
        >
          Баланс
        </td>
        <td
          className="tableHeadRow--td"
        >
          Статус
        </td>
        <td
          className="tableHeadRow--td"
        >
          Редактировать
        </td>
        <td
          className="tableHeadRow--td"
        >
          Удалить
        </td>
      </tr>
    </thead>
    <tbody
      className="tableBody"
    >
      <tr
        className="mobileClient"
      >
        <td
          className="mobileClientSurname"
        >
          Петров
        </td>
        <td
          className="mobileClientName"
        >
          Петр
        </td>
        <td
          className="mobileClientPatronymic"
        >
          Петрович
        </td>
        <td
          className="mobileClientBalance"
        >
          -180
        </td>
        <td
          className="mobileClientStatus"
          style={
            Object {
              "backgroundColor": "red",
            }
          }
        >
          blocked
        </td>
        <td
          className="mobileClientButtonEdit"
        >
          <button
            className="buttonEdit"
            disabled={false}
            onClick={[Function]}
          >
            Редактировать
          </button>
        </td>
        <td
          className="mobileClientButtonDelete"
        >
          <button
            className="buttonDelete"
            disabled={false}
            onClick={[Function]}
          >
            Удалить
          </button>
        </td>
      </tr>
    </tbody>
  </table>
  <input
    className="buttonAdd"
    disabled={false}
    onClick={[Function]}
    type="button"
    value="Добавить клиента"
  />
</div>
`;

exports[`тестируем MobileCompany (фильтрация клиентов) 4`] = `
<div
  className="mobileCompany"
>
  <input
    disabled={false}
    onClick={[Function]}
    type="button"
    value="Все"
  />
  <input
    disabled={false}
    onClick={[Function]}
    type="button"
    value="Активные"
  />
  <input
    disabled={false}
    onClick={[Function]}
    type="button"
    value="Заблокированные"
  />
  <hr />
  <table
    className="mobileCompanyClients"
  >
    <thead
      className="tableHead"
    >
      <tr
        className="tableHeadRow"
      >
        <td
          className="tableHeadRow--td"
        >
          Фамилия
        </td>
        <td
          className="tableHeadRow--td"
        >
          Имя
        </td>
        <td
          className="tableHeadRow--td"
        >
          Отчество
        </td>
        <td
          className="tableHeadRow--td"
        >
          Баланс
        </td>
        <td
          className="tableHeadRow--td"
        >
          Статус
        </td>
        <td
          className="tableHeadRow--td"
        >
          Редактировать
        </td>
        <td
          className="tableHeadRow--td"
        >
          Удалить
        </td>
      </tr>
    </thead>
    <tbody
      className="tableBody"
    >
      <tr
        className="mobileClient"
      >
        <td
          className="mobileClientSurname"
        >
          Иванов
        </td>
        <td
          className="mobileClientName"
        >
          Иван
        </td>
        <td
          className="mobileClientPatronymic"
        >
          Иванович
        </td>
        <td
          className="mobileClientBalance"
        >
          200
        </td>
        <td
          className="mobileClientStatus"
          style={
            Object {
              "backgroundColor": "green",
            }
          }
        >
          active
        </td>
        <td
          className="mobileClientButtonEdit"
        >
          <button
            className="buttonEdit"
            disabled={false}
            onClick={[Function]}
          >
            Редактировать
          </button>
        </td>
        <td
          className="mobileClientButtonDelete"
        >
          <button
            className="buttonDelete"
            disabled={false}
            onClick={[Function]}
          >
            Удалить
          </button>
        </td>
      </tr>
      <tr
        className="mobileClient"
      >
        <td
          className="mobileClientSurname"
        >
          Сидоров
        </td>
        <td
          className="mobileClientName"
        >
          Сидр
        </td>
        <td
          className="mobileClientPatronymic"
        >
          Сидорович
        </td>
        <td
          className="mobileClientBalance"
        >
          250
        </td>
        <td
          className="mobileClientStatus"
          style={
            Object {
              "backgroundColor": "green",
            }
          }
        >
          active
        </td>
        <td
          className="mobileClientButtonEdit"
        >
          <button
            className="buttonEdit"
            disabled={false}
            onClick={[Function]}
          >
            Редактировать
          </button>
        </td>
        <td
          className="mobileClientButtonDelete"
        >
          <button
            className="buttonDelete"
            disabled={false}
            onClick={[Function]}
          >
            Удалить
          </button>
        </td>
      </tr>
      <tr
        className="mobileClient"
      >
        <td
          className="mobileClientSurname"
        >
          Петров
        </td>
        <td
          className="mobileClientName"
        >
          Петр
        </td>
        <td
          className="mobileClientPatronymic"
        >
          Петрович
        </td>
        <td
          className="mobileClientBalance"
        >
          -180
        </td>
        <td
          className="mobileClientStatus"
          style={
            Object {
              "backgroundColor": "red",
            }
          }
        >
          blocked
        </td>
        <td
          className="mobileClientButtonEdit"
        >
          <button
            className="buttonEdit"
            disabled={false}
            onClick={[Function]}
          >
            Редактировать
          </button>
        </td>
        <td
          className="mobileClientButtonDelete"
        >
          <button
            className="buttonDelete"
            disabled={false}
            onClick={[Function]}
          >
            Удалить
          </button>
        </td>
      </tr>
      <tr
        className="mobileClient"
      >
        <td
          className="mobileClientSurname"
        >
          Григорьев
        </td>
        <td
          className="mobileClientName"
        >
          Григорий
        </td>
        <td
          className="mobileClientPatronymic"
        >
          Григорьевич
        </td>
        <td
          className="mobileClientBalance"
        >
          220
        </td>
        <td
          className="mobileClientStatus"
          style={
            Object {
              "backgroundColor": "green",
            }
          }
        >
          active
        </td>
        <td
          className="mobileClientButtonEdit"
        >
          <button
            className="buttonEdit"
            disabled={false}
            onClick={[Function]}
          >
            Редактировать
          </button>
        </td>
        <td
          className="mobileClientButtonDelete"
        >
          <button
            className="buttonDelete"
            disabled={false}
            onClick={[Function]}
          >
            Удалить
          </button>
        </td>
      </tr>
    </tbody>
  </table>
  <input
    className="buttonAdd"
    disabled={false}
    onClick={[Function]}
    type="button"
    value="Добавить клиента"
  />
</div>
`;
